// Jest Snapshot v1, https://goo.gl/fbAQLP

exports[`question renders a question 1`] = `
<div>
  <div>
    <div
      class="top"
    >
      What is the correct JavaScript syntax to change the content of the HTML element below?
    </div>
    <form>
      <div>
        <input
          name="answer"
          type="radio"
          value="answer_a"
        />
        #demo.innerHTML = "Hello World!";
      </div>
      <div>
        <input
          name="answer"
          type="radio"
          value="answer_b"
        />
        document.getElementById("demo").innerHTML = "Hello World!";
      </div>
      <div>
        <input
          name="answer"
          type="radio"
          value="answer_c"
        />
        document.getElement("p").innerHTML = "Hello World!";
      </div>
      <div>
        <input
          name="answer"
          type="radio"
          value="answer_d"
        />
        document.getElementByName("p").innerHTML = "Hello World!";
      </div>
      <button>
        Submit
      </button>
    </form>
  </div>
</div>
`;
